CCS PCD C Compiler, Version 5.071d, 1               18-Jul-17 13:24
Compiler operating in Evaluation Mode
To obtain a fully enabled compiler visit www.ccsinfo.com/products

               Filename:   C:\Users\joshb\OneDrive - St. Cloud State University\PIC24E\test\test.lst

               ROM used:   568 bytes (0%)
                           Largest free fragment is 65536
               RAM used:   81 (0%) at main() level
                           81 (0%) worst case
               Stack used: 0 locations
               Stack size: 80

*
00000:  GOTO    200
.................... #include <test.h> 
.................... #include <24EP256GP202.h> 
.................... //////////// Standard Header file for the PIC24EP256GP202 device //////////////// 
.................... /////////////////////////////////////////////////////////////////////////// 
.................... ////        (C) Copyright 1996, 2014 Custom Computer Services          //// 
.................... //// This source code may only be used by licensed users of the CCS C  //// 
.................... //// compiler.  This source code may only be distributed to other      //// 
.................... //// licensed users of the CCS C compiler.  No other use, reproduction //// 
.................... //// or distribution is permitted without written permission.          //// 
.................... //// Derivative programs created using this software in object code    //// 
.................... //// form are not restricted in any way.                               //// 
.................... /////////////////////////////////////////////////////////////////////////// 
.................... #device PIC24EP256GP202 
....................  
.................... #list 
....................  
.................... #device icd = true 
.................... #device icsp = 1 
.................... #FUSES NOWDT, FRC                   //No Watch Dog Timer 
.................... #USE DELAY(rc = 8000000) 
.................... #FUSES NOJTAG                   //JTAG disabled 
.................... #FUSES CKSFSM                   //Clock Switching is enabled, fail Safe clock monitor is enabled 
....................  
.................... #PIN_SELECT REFCLK = PIN_B6 
.................... #define LED PIN_A0 
.................... #define DELAY 1 
....................  
....................  
....................  
....................  
.................... void main() 
*
00200:  MOV     #7FB0,W15
00202:  MOV     #7FFF,W0
00204:  MOV     W0,20
00206:  NOP     
00208:  BSET.B  8C1.7
0020A:  DISI    #6
0020C:  MOV     #742,W1
0020E:  MOV     #46,W2
00210:  MOV     #57,W3
00212:  MOV.B   W2L,[W1]
00214:  MOV.B   W3L,[W1]
00216:  BCLR.B  742.6
00218:  MOV     #31,W0
0021A:  MOV     W0,684
0021C:  DISI    #6
0021E:  MOV     #742,W1
00220:  MOV     #46,W2
00222:  MOV     #57,W3
00224:  MOV.B   W2L,[W1]
00226:  MOV.B   W3L,[W1]
00228:  BSET.B  742.6
0022A:  CLR     E0E
0022C:  CLR     E1E
.................... { 
....................  
....................  
....................  
....................    //Example blinking LED program 
....................    while(true) 
....................    { 
....................       output_toggle(LED); 
0022E:  BCLR.B  E00.0
00230:  BTG.B   E04.0
00232:  GOTO    22E
....................    } 
....................  
.................... } 
*
00236:  BRA     236

Configuration Fuses:
   Word  3L: FF4F   ICSP1 NOJTAG DEBUG
          H: 0000  
   Word  4L: FFFF   NOALTI2C1 NOALTI2C2 WDTWIN_25%
          H: 0000  
   Word  5L: FF7F   WPOSTS16 WPRES128 PLLWAIT WINDIS NOWDT
          H: 0000  
   Word  6L: FF3B   NOPR OSCIO IOL1WAY CKSFSM
          H: 0000  
   Word  7L: FFFA   PR IESO
          H: 0000  
   Word  8L: FFFF   NOWRT NOPROTECT
          H: 0000  
   Word  9L: FFFF  
          H: 0000  
   Word 10L: FFFF  
          H: 0000  

   Some fuses have been forced to be compatible with the ICD debugger.
